// Jest Snapshot v1, https://goo.gl/fbAQLP

exports[`App testing App matches the snapshot 1`] = `
<div>
  <header
    class="header"
  >
    <nav
      class="container"
    >
      <div
        class="nav-wrapper"
      >
        <div
          class="logo-wrap"
        >
          <a
            aria-current="page"
            class="brand-logo active"
            href="/"
          >
            <img
              alt="Logo"
              src="logo-white.png"
            />
          </a>
        </div>
        <div
          class="main-menu-wrap"
        >
          <ul
            class="main-menu hide-on-med-and-down"
          >
            <li>
              <a
                class="sidenav-close"
                href="/about"
              >
                О сервисе
              </a>
            </li>
            <li>
              <a
                class="modal-trigger sidenav-close"
                href="#modal-signup"
              >
                Регистрация
              </a>
            </li>
            <li>
              <a
                class="modal-trigger sidenav-close"
                href="#modal-signin"
              >
                Вход
              </a>
            </li>
          </ul>
        </div>
        <a
          class="hide-on-large-only sidenav-trigger"
          data-target="SideNav-10"
          href="#"
        >
          <i
            aria-hidden="true"
            class="fa fa-bars"
          />
        </a>
        <ul
          class="sidenav"
          id="SideNav-10"
        >
          <li>
            <a
              class="sidenav-close"
              href="/about"
            >
              О сервисе
            </a>
          </li>
          <li>
            <a
              class="modal-trigger sidenav-close"
              href="#modal-signup"
            >
              Регистрация
            </a>
          </li>
          <li>
            <a
              class="modal-trigger sidenav-close"
              href="#modal-signin"
            >
              Вход
            </a>
          </li>
        </ul>
      </div>
    </nav>
  </header>
  <div
    class="content"
  >
    <div
      class="container"
    >
      <div
        class="get-started row valign-wrapper"
      >
        <div
          class="col m6 center-align"
        >
          <h1
            class="center-align"
          >
            Приведите дела 
            <br />
            в порядок с 
            <br />
            <span>
              EASY TODO
            </span>
          </h1>
          <a
            class="btn btn-large modal-trigger waves-effect"
            href="#modal-signup"
          >
            Начать
          </a>
        </div>
        <div
          class="col m6 center-align"
        >
          <img
            alt="Приведите дела в порядок"
            src="image1.png"
          />
        </div>
      </div>
      <div
        class="screenshot"
      >
        <img
          alt="Приложение EASY TODO"
          src="screen.jpg"
        />
      </div>
    </div>
    <div
      class="read-more"
    >
      <div
        class="container center-align"
      >
        <p>
          Позвольте себе не думать постоянно о ежедневных заботах, переместите свои дела из головы в планировщик задач и обретите спокойствие.
        </p>
        <a
          href="/about"
        >
          <i
            aria-hidden="true"
            class="fa fa-arrow-right"
          />
          Узнать подробнее о приложении
        </a>
      </div>
    </div>
    <div
      class="container"
    >
      <div
        class="relax row valign-wrapper"
      >
        <div
          class="col m6 center-align"
        >
          <img
            alt="Приведите дела в порядок"
            src="image2.png"
          />
        </div>
        <div
          class="col m6 center-align"
        >
          <h3
            class="center-align"
          >
            EASY TODO поможет организовать задачи наилучшим образом, чтобы у вас освободилось больше времени для отдыха
          </h3>
          <a
            class="btn btn-large modal-trigger waves-effect"
            href="#modal-signup"
          >
            Начать
          </a>
        </div>
      </div>
    </div>
  </div>
  <footer
    class="footer"
  >
    <div
      class="container"
    >
      <p
        class="center-align"
      >
        Copyright © 2020 EASY TODO. Все права защищены.
      </p>
    </div>
  </footer>
</div>
`;
